normalized	sample1	sample2	sample3
2558860574	0.0	0.0	3.0
2568526369	3.0	5.0	4.0
2568526487.0	2.0	3.0	4.0
2571042244	0.0	0.0	4.0
2571042249.0	2.0	6.0	4.0
2571042654	0.0	6.0	4.0
2574180282.0	2.0	0.0	5.0
2574180429.0	2.0	0.0	5.0
2593338844	1.0	3.0	3.0
2593339006	2.0	6.0	0.0
